EVA2_2_INTEGRIDAD_REFERENCIAL
MySQL Shell 8.0.38

Copyright (c) 2016, 2024, Oracle and/or its affiliates.
Oracle is a registered trademark of Oracle Corporation and/or its affiliates.
Other names may be trademarks of their respective owners.

Type '\help' or '\?' for help; '\quit' to exit.
 MySQL  JS > \sql
Switching to SQL mode... Commands end with ;
 MySQL  SQL > \connect --mc root@localhost
Creating a Classic session to 'root@localhost'
Fetching global names for auto-completion... Press ^C to stop.
Your MySQL connection id is 9
Server version: 8.0.39 MySQL Community Server - GPL
No default schema selected; type \use <schema> to set one.
 MySQL  localhost:3306 ssl  SQL > use tbd_e2;
Default schema set to `tbd_e2`.
Fetching global names, object names from `tbd_e2` for auto-completion... Press ^C to stop.
 MySQL  localhost:3306 ssl  tbd_e2  SQL > select*from factura
                                       -> ;
+-------+-----------+
| folio | idcliente |
+-------+-----------+
|     3 |         2 |
|     4 |         2 |
|     6 |         2 |
|     7 |         5 |
+-------+-----------+
4 rows in set (0.0099 sec)
 MySQL  localhost:3306 ssl  tbd_e2  SQL > select*from cliente;
+----+--------+-----------+---------------+
| id | nombre | apellidos | rfc           |
+----+--------+-----------+---------------+
|  2 | ana    | montes    | MOXA870102520 |
+----+--------+-----------+---------------+
1 row in set (0.0471 sec)
 MySQL  localhost:3306 ssl  tbd_e2  SQL > show create table factura;
+---------+------------------------------------------------------------------------------------------------------------------------------------------------------------------------------------------------------------------------------------------+
| Table   | Create Table                                                                                                                                                                                                                             |
+---------+------------------------------------------------------------------------------------------------------------------------------------------------------------------------------------------------------------------------------------------+
| factura | CREATE TABLE `factura` (
  `folio` int NOT NULL AUTO_INCREMENT,
  `idcliente` int NOT NULL,
  PRIMARY KEY (`folio`),
  KEY `idcliente` (`idcliente`)
) ENGINE=InnoDB AUTO_INCREMENT=8 DEFAULT CHARSET=utf8mb4 COLLATE=utf8mb4_0900_ai_ci |
+---------+------------------------------------------------------------------------------------------------------------------------------------------------------------------------------------------------------------------------------------------+
1 row in set (0.0087 sec)
 MySQL  localhost:3306 ssl  tbd_e2  SQL > alter table factura
                                       -> add constrait foreing key(idcliente)
                                       -> references cliente(id);
ERROR: 1064 (42000): You have an error in your SQL syntax; check the manual that corresponds to your MySQL server version for the right syntax to use near 'foreing key(idcliente)
references cliente(id)' at line 2
 MySQL  localhost:3306 ssl  tbd_e2  SQL > alter table factura add constrait foreign key(idcliente) references cliente(id);
ERROR: 1064 (42000): You have an error in your SQL syntax; check the manual that corresponds to your MySQL server version for the right syntax to use near 'foreign key(idcliente) references cliente(id)' at line 1
 MySQL  localhost:3306 ssl  tbd_e2  SQL > select*from fractura;
ERROR: 1146 (42S02): Table 'tbd_e2.fractura' doesn't exist
 MySQL  localhost:3306 ssl  tbd_e2  SQL > select*from factura;
+-------+-----------+
| folio | idcliente |
+-------+-----------+
|     3 |         2 |
|     4 |         2 |
|     6 |         2 |
|     7 |         5 |
+-------+-----------+
4 rows in set (0.0079 sec)
 MySQL  localhost:3306 ssl  tbd_e2  SQL > delete from factura where idcliente=5;
Query OK, 1 row affected (0.0189 sec)
 MySQL  localhost:3306 ssl  tbd_e2  SQL > select*from factura;
+-------+-----------+
| folio | idcliente |
+-------+-----------+
|     3 |         2 |
|     4 |         2 |
|     6 |         2 |
+-------+-----------+
3 rows in set (0.0011 sec)
 MySQL  localhost:3306 ssl  tbd_e2  SQL > alter table factura add constrait foreign key(idcliente) references cliente(id);
ERROR: 1064 (42000): You have an error in your SQL syntax; check the manual that corresponds to your MySQL server version for the right syntax to use near 'foreign key(idcliente) references cliente(id)' at line 1
 MySQL  localhost:3306 ssl  tbd_e2  SQL > alter table factura add constraint foreign key(idcliente) references cliente(id);
Query OK, 3 rows affected (0.1119 sec)

Records: 3  Duplicates: 0  Warnings: 0
 MySQL  localhost:3306 ssl  tbd_e2  SQL > show create table factura;
+---------+-------------------------------------------------------------------------------------------------------------------------------------------------------------------------------------------------------------------------------------------------------------------------------------------------------------------------------+
| Table   | Create Table                                                                                                                                                                                                                                                                                                                  |
+---------+-------------------------------------------------------------------------------------------------------------------------------------------------------------------------------------------------------------------------------------------------------------------------------------------------------------------------------+
| factura | CREATE TABLE `factura` (
  `folio` int NOT NULL AUTO_INCREMENT,
  `idcliente` int NOT NULL,
  PRIMARY KEY (`folio`),
  KEY `idcliente` (`idcliente`),
  CONSTRAINT `factura_ibfk_1` FOREIGN KEY (`idcliente`) REFERENCES `cliente` (`id`)
) ENGINE=InnoDB AUTO_INCREMENT=8 DEFAULT CHARSET=utf8mb4 COLLATE=utf8mb4_0900_ai_ci |
+---------+-------------------------------------------------------------------------------------------------------------------------------------------------------------------------------------------------------------------------------------------------------------------------------------------------------------------------------+
1 row in set (0.0015 sec)
 MySQL  localhost:3306 ssl  tbd_e2  SQL > alter table factura drop constraint factura_ibfk_1;
Query OK, 0 rows affected (0.0215 sec)

Records: 0  Duplicates: 0  Warnings: 0
 MySQL  localhost:3306 ssl  tbd_e2  SQL > alter table factura add constraint foreign key(idcliente) references cliente(id) on delete restrict on ubdate restrict;
ERROR: 1064 (42000): You have an error in your SQL syntax; check the manual that corresponds to your MySQL server version for the right syntax to use near 'ubdate restrict' at line 1
 MySQL  localhost:3306 ssl  tbd_e2  SQL > alter table factura add constraint foreign key(idcliente) references cliente(id) on delete restrict on update restrict;
Query OK, 3 rows affected (0.0765 sec)

Records: 3  Duplicates: 0  Warnings: 0
 MySQL  localhost:3306 ssl  tbd_e2  SQL > show create table factura;
+---------+---------------------------------------------------------------------------------------------------------------------------------------------------------------------------------------------------------------------------------------------------------------------------------------------------------------------------------------------------------------------+
| Table   | Create Table                                                                                                                                                                                                                                                                                                                                                        |
+---------+---------------------------------------------------------------------------------------------------------------------------------------------------------------------------------------------------------------------------------------------------------------------------------------------------------------------------------------------------------------------+
| factura | CREATE TABLE `factura` (
  `folio` int NOT NULL AUTO_INCREMENT,
  `idcliente` int NOT NULL,
  PRIMARY KEY (`folio`),
  KEY `idcliente` (`idcliente`),
  CONSTRAINT `factura_ibfk_1` FOREIGN KEY (`idcliente`) REFERENCES `cliente` (`id`) ON DELETE RESTRICT ON UPDATE RESTRICT
) ENGINE=InnoDB AUTO_INCREMENT=8 DEFAULT CHARSET=utf8mb4 COLLATE=utf8mb4_0900_ai_ci |
+---------+---------------------------------------------------------------------------------------------------------------------------------------------------------------------------------------------------------------------------------------------------------------------------------------------------------------------------------------------------------------------+
1 row in set (0.0010 sec)
 MySQL  localhost:3306 ssl  tbd_e2  SQL > select*from fractura;
ERROR: 1146 (42S02): Table 'tbd_e2.fractura' doesn't exist
 MySQL  localhost:3306 ssl  tbd_e2  SQL > select*from factura;
+-------+-----------+
| folio | idcliente |
+-------+-----------+
|     3 |         2 |
|     4 |         2 |
|     6 |         2 |
+-------+-----------+
3 rows in set (0.0010 sec)
 MySQL  localhost:3306 ssl  tbd_e2  SQL > select*from cliente;
+----+--------+-----------+---------------+
| id | nombre | apellidos | rfc           |
+----+--------+-----------+---------------+
|  2 | ana    | montes    | MOXA870102520 |
+----+--------+-----------+---------------+
1 row in set (0.0022 sec)
 MySQL  localhost:3306 ssl  tbd_e2  SQL > delete ffrom cliente whwere id=2;
ERROR: 1064 (42000): You have an error in your SQL syntax; check the manual that corresponds to your MySQL server version for the right syntax to use near 'cliente whwere id=2' at line 1
 MySQL  localhost:3306 ssl  tbd_e2  SQL > update cliente
                                       -> set
                                       -> id=5
                                       -> where
                                       -> id=2;
ERROR: 1451 (23000): Cannot delete or update a parent row: a foreign key constraint fails (`tbd_e2`.`factura`, CONSTRAINT `factura_ibfk_1` FOREIGN KEY (`idcliente`) REFERENCES `cliente` (`id`) ON DELETE RESTRICT ON UPDATE RESTRICT)
 MySQL  localhost:3306 ssl  tbd_e2  SQL > alter table factura
                                       -> drop constraint factura_ibfk_1;
Query OK, 0 rows affected (0.0187 sec)

Records: 0  Duplicates: 0  Warnings: 0
 MySQL  localhost:3306 ssl  tbd_e2  SQL > alter table factura
                                       -> add constraint foreign key (idcliente)
                                       -> references cliente(id)
                                       -> on delete cascade
                                       -> on update cascade;
Query OK, 3 rows affected (0.0749 sec)

Records: 3  Duplicates: 0  Warnings: 0
 MySQL  localhost:3306 ssl  tbd_e2  SQL > update cliente
                                       -> set
                                       -> id=5
                                       -> whwre id=2;
ERROR: 1064 (42000): You have an error in your SQL syntax; check the manual that corresponds to your MySQL server version for the right syntax to use near 'whwre id=2' at line 4
 MySQL  localhost:3306 ssl  tbd_e2  SQL > update cliente set id=5 where id=2;
Query OK, 1 row affected (0.0111 sec)

Rows matched: 1  Changed: 1  Warnings: 0
 MySQL  localhost:3306 ssl  tbd_e2  SQL > select*from cliente;
+----+--------+-----------+---------------+
| id | nombre | apellidos | rfc           |
+----+--------+-----------+---------------+
|  5 | ana    | montes    | MOXA870102520 |
+----+--------+-----------+---------------+
1 row in set (0.0010 sec)
 MySQL  localhost:3306 ssl  tbd_e2  SQL > select*from factura;
+-------+-----------+
| folio | idcliente |
+-------+-----------+
|     3 |         5 |
|     4 |         5 |
|     6 |         5 |
+-------+-----------+
3 rows in set (0.0010 sec)
 MySQL  localhost:3306 ssl  tbd_e2  SQL > delete from cliente where id=5;
Query OK, 1 row affected (0.0111 sec)
 MySQL  localhost:3306 ssl  tbd_e2  SQL > select*from factura;
Empty set (0.0010 sec)
 MySQL  localhost:3306 ssl  tbd_e2  SQL > select*from cliente;
Empty set (0.0009 sec)
 MySQL  localhost:3306 ssl  tbd_e2  SQL > alter table factura
                                       -> drop constraint factura_ibfk_1;
Query OK, 0 rows affected (0.0186 sec)

Records: 0  Duplicates: 0  Warnings: 0
 MySQL  localhost:3306 ssl  tbd_e2  SQL > desc cliente;
+-----------+-------------+------+-----+---------+----------------+
| Field     | Type        | Null | Key | Default | Extra          |
+-----------+-------------+------+-----+---------+----------------+
| id        | int         | NO   | PRI | NULL    | auto_increment |
| nombre    | varchar(50) | NO   |     | NULL    |                |
| apellidos | varchar(50) | YES  |     | NULL    |                |
| rfc       | varchar(13) | NO   |     | NULL    |                |
+-----------+-------------+------+-----+---------+----------------+
4 rows in set (0.0028 sec)
 MySQL  localhost:3306 ssl  tbd_e2  SQL > insert into cliente(nombre, apellidos, rfc)
                                       -> values("juan","perez","ASDF112233652"),
                                       -> ("xxx","yyy",1234567891234");
                                       ">
                                       "> ;
                                       ">
                                       ">
                                       "> ^C
 MySQL  localhost:3306 ssl  tbd_e2  SQL > insert into cliente(nombre, apellidos,rfc)
                                       -> values("we","rt","qwertyui"),("dfgh","cvbn","134987456f")
                                       -> ;
Query OK, 2 rows affected (0.0121 sec)

Records: 2  Duplicates: 0  Warnings: 0
 MySQL  localhost:3306 ssl  tbd_e2  SQL > insert into factura(idcliente)
                                       -> values(6),(6),(7),(7),(7),(7);
Query OK, 6 rows affected (0.0110 sec)

Records: 6  Duplicates: 0  Warnings: 0
 MySQL  localhost:3306 ssl  tbd_e2  SQL > select*from cliente;
+----+--------+-----------+------------+
| id | nombre | apellidos | rfc        |
+----+--------+-----------+------------+
|  6 | we     | rt        | qwertyui   |
|  7 | dfgh   | cvbn      | 134987456f |
+----+--------+-----------+------------+
2 rows in set (0.0009 sec)
 MySQL  localhost:3306 ssl  tbd_e2  SQL > select*from factura;
+-------+-----------+
| folio | idcliente |
+-------+-----------+
|     8 |         6 |
|     9 |         6 |
|    10 |         7 |
|    11 |         7 |
|    12 |         7 |
|    13 |         7 |
+-------+-----------+
6 rows in set (0.0009 sec)
 MySQL  localhost:3306 ssl  tbd_e2  SQL > desc factura;
+-----------+------+------+-----+---------+----------------+
| Field     | Type | Null | Key | Default | Extra          |
+-----------+------+------+-----+---------+----------------+
| folio     | int  | NO   | PRI | NULL    | auto_increment |
| idcliente | int  | NO   | MUL | NULL    |                |
+-----------+------+------+-----+---------+----------------+
2 rows in set (0.0023 sec)
 MySQL  localhost:3306 ssl  tbd_e2  SQL > alter table factura
                                       -> add constraint foreign key(idcliente)
                                       -> references cliente(id)
                                       -> on delete no action on update no action;
Query OK, 6 rows affected (0.0693 sec)

Records: 6  Duplicates: 0  Warnings: 0
 MySQL  localhost:3306 ssl  tbd_e2  SQL > delete from cliente where id=6;
ERROR: 1451 (23000): Cannot delete or update a parent row: a foreign key constraint fails (`tbd_e2`.`factura`, CONSTRAINT `factura_ibfk_1` FOREIGN KEY (`idcliente`) REFERENCES `cliente` (`id`))
 MySQL  localhost:3306 ssl  tbd_e2  SQL > delete from cliente setid=4 where id=6;
ERROR: 1064 (42000): You have an error in your SQL syntax; check the manual that corresponds to your MySQL server version for the right syntax to use near '=4 where id=6' at line 1
 MySQL  localhost:3306 ssl  tbd_e2  SQL > delete from cliente set id=4 where id=6;
ERROR: 1064 (42000): You have an error in your SQL syntax; check the manual that corresponds to your MySQL server version for the right syntax to use near 'set id=4 where id=6' at line 1
 MySQL  localhost:3306 ssl  tbd_e2  SQL > alter table factura
                                       -> drop constraint factura_ibfk_1;
Query OK, 0 rows affected (0.0189 sec)

Records: 0  Duplicates: 0  Warnings: 0
 MySQL  localhost:3306 ssl  tbd_e2  SQL > alter table factura
                                       -> add constraint foreign key(idcliente)
                                       -> references cliente(id)
                                       -> on delete cascade
                                       -> on update cascade;
Query OK, 6 rows affected (0.0849 sec)

Records: 6  Duplicates: 0  Warnings: 0
 MySQL  localhost:3306 ssl  tbd_e2  SQL >