EVA2_1_INTEGRIDAD_REFERENCIAL
MySQL Shell 8.0.38

Copyright (c) 2016, 2024, Oracle and/or its affiliates.
Oracle is a registered trademark of Oracle Corporation and/or its affiliates.
Other names may be trademarks of their respective owners.

Type '\help' or '\?' for help; '\quit' to exit.
 MySQL  JS > sql
ReferenceError: sql is not defined
 MySQL  JS > \sql
Switching to SQL mode... Commands end with ;
 MySQL  SQL > connect --mc root@localhost
ERROR: Not connected.
           ->
           -> ;
ERROR: Not connected.
 MySQL  SQL > \ connect --mc root@localhost  ;
Unknown command: '\ connect --mc root@localhost  ;'
 MySQL  SQL > \ connect --mc root@localhost
Unknown command: '\ connect --mc root@localhost  '
 MySQL  SQL > \connect --mc root@localhost
Creating a Classic session to 'root@localhost'
Fetching global names for auto-completion... Press ^C to stop.
Your MySQL connection id is 8
Server version: 8.0.39 MySQL Community Server - GPL
No default schema selected; type \use <schema> to set one.
 MySQL  localhost:3306 ssl  SQL > use tbd_a1
MySQL Error 1049: Unknown database 'tbd_a1'
 MySQL  localhost:3306 ssl  SQL > use tbd_e1
Default schema set to `tbd_e1`.
Fetching global names, object names from `tbd_e1` for auto-completion... Press ^C to stop.
 MySQL  localhost:3306 ssl  tbd_e1  SQL > create database tbd_e2;
Query OK, 1 row affected (0.0209 sec)
 MySQL  localhost:3306 ssl  tbd_e1  SQL > use tbd_e2;
Default schema set to `tbd_e2`.
Fetching global names, object names from `tbd_e2` for auto-completion... Press ^C to stop.
 MySQL  localhost:3306 ssl  tbd_e2  SQL > create table clientes(
                                       -> id int key auto_increment,
                                       -> nombre varchar(50) not null,
                                       -> apellidos varchar(50),
                                       -> rfc varchar(13) not null;
ERROR: 1064 (42000): You have an error in your SQL syntax; check the manual that corresponds to your MySQL server version for the right syntax to use near '' at line 5
 MySQL  localhost:3306 ssl  tbd_e2  SQL > create table cliente( id int key auto_increment, nombre varchar(50) not null, apellidos varchar(50), rfc varchar(13) not null);
Query OK, 0 rows affected (0.0492 sec)
 MySQL  localhost:3306 ssl  tbd_e2  SQL > desc cliente;
+-----------+-------------+------+-----+---------+----------------+
| Field     | Type        | Null | Key | Default | Extra          |
+-----------+-------------+------+-----+---------+----------------+
| id        | int         | NO   | PRI | NULL    | auto_increment |
| nombre    | varchar(50) | NO   |     | NULL    |                |
| apellidos | varchar(50) | YES  |     | NULL    |                |
| rfc       | varchar(13) | NO   |     | NULL    |                |
+-----------+-------------+------+-----+---------+----------------+
4 rows in set (0.0131 sec)
 MySQL  localhost:3306 ssl  tbd_e2  SQL > insert into cliente(
                                       -> nombre,apellidos,rfc)
                                       -> values(
                                       -> "juan","perez","PEXJ501110),
                                       -> ;
                                       ">
                                       "> ^C
 MySQL  localhost:3306 ssl  tbd_e2  SQL > insert into cliente(nombre,apellidos,rfc)values("juan","perez","PEXJ501110789"),("ana","montes","MOXA870102520");
Query OK, 2 rows affected (0.0235 sec)

Records: 2  Duplicates: 0  Warnings: 0
 MySQL  localhost:3306 ssl  tbd_e2  SQL > select *from cliente;
+----+--------+-----------+---------------+
| id | nombre | apellidos | rfc           |
+----+--------+-----------+---------------+
|  1 | juan   | perez     | PEXJ501110789 |
|  2 | ana    | montes    | MOXA870102520 |
+----+--------+-----------+---------------+
2 rows in set (0.0007 sec)
 MySQL  localhost:3306 ssl  tbd_e2  SQL > create table factura(
                                       -> folio int key auto_increment,
                                       -> idcliente int not null foreign key(idcliente)
                                       -> references cliente(id));
ERROR: 1064 (42000): You have an error in your SQL syntax; check the manual that corresponds to your MySQL server version for the right syntax to use near 'foreign key(idcliente)
references cliente(id))' at line 3
 MySQL  localhost:3306 ssl  tbd_e2  SQL > create table factura( folio int key auto_increment, idcliente int not null, foreign key(idcliente) references cliente(id));
Query OK, 0 rows affected (0.0506 sec)
 MySQL  localhost:3306 ssl  tbd_e2  SQL > show create table factura;
+---------+--------------------------------------------------------------------------------------------------------------------------------------------------------------------------------------------------------------------------------------------------------------------------------------------------------------+
| Table   | Create Table                                                                                                                                                                                                                                                                                                 |
+---------+--------------------------------------------------------------------------------------------------------------------------------------------------------------------------------------------------------------------------------------------------------------------------------------------------------------+
| factura | CREATE TABLE `factura` (
  `folio` int NOT NULL AUTO_INCREMENT,
  `idcliente` int NOT NULL,
  PRIMARY KEY (`folio`),
  KEY `idcliente` (`idcliente`),
  CONSTRAINT `factura_ibfk_1` FOREIGN KEY (`idcliente`) REFERENCES `cliente` (`id`)
) ENGINE=InnoDB DEFAULT CHARSET=utf8mb4 COLLATE=utf8mb4_0900_ai_ci |
+---------+--------------------------------------------------------------------------------------------------------------------------------------------------------------------------------------------------------------------------------------------------------------------------------------------------------------+
1 row in set (0.0116 sec)
 MySQL  localhost:3306 ssl  tbd_e2  SQL > show tables;
+------------------+
| Tables_in_tbd_e2 |
+------------------+
| cliente          |
| factura          |
+------------------+
2 rows in set (0.0090 sec)
 MySQL  localhost:3306 ssl  tbd_e2  SQL > desc factura;
+-----------+------+------+-----+---------+----------------+
| Field     | Type | Null | Key | Default | Extra          |
+-----------+------+------+-----+---------+----------------+
| folio     | int  | NO   | PRI | NULL    | auto_increment |
| idcliente | int  | NO   | MUL | NULL    |                |
+-----------+------+------+-----+---------+----------------+
2 rows in set (0.0018 sec)
 MySQL  localhost:3306 ssl  tbd_e2  SQL > select *from cliente;
+----+--------+-----------+---------------+
| id | nombre | apellidos | rfc           |
+----+--------+-----------+---------------+
|  1 | juan   | perez     | PEXJ501110789 |
|  2 | ana    | montes    | MOXA870102520 |
+----+--------+-----------+---------------+
2 rows in set (0.0019 sec)
 MySQL  localhost:3306 ssl  tbd_e2  SQL > insert into factura(idcliente)
                                       -> value(5);
ERROR: 1452 (23000): Cannot add or update a child row: a foreign key constraint fails (`tbd_e2`.`factura`, CONSTRAINT `factura_ibfk_1` FOREIGN KEY (`idcliente`) REFERENCES `cliente` (`id`))
 MySQL  localhost:3306 ssl  tbd_e2  SQL > insert into factura(idcliente) value(1);
Query OK, 1 row affected (0.0113 sec)
 MySQL  localhost:3306 ssl  tbd_e2  SQL > insert into factura(idcliente) value(2);
Query OK, 1 row affected (0.0037 sec)
 MySQL  localhost:3306 ssl  tbd_e2  SQL > insert into factura(idcliente) value(2),(1),(2);
Query OK, 3 rows affected (0.0099 sec)

Records: 3  Duplicates: 0  Warnings: 0
 MySQL  localhost:3306 ssl  tbd_e2  SQL > select*from factura;
+-------+-----------+
| folio | idcliente |
+-------+-----------+
|     2 |         1 |
|     5 |         1 |
|     3 |         2 |
|     4 |         2 |
|     6 |         2 |
+-------+-----------+
5 rows in set (0.0006 sec)
 MySQL  localhost:3306 ssl  tbd_e2  SQL > select * from cliete;
ERROR: 1146 (42S02): Table 'tbd_e2.cliete' doesn't exist
 MySQL  localhost:3306 ssl  tbd_e2  SQL > select * from cliente;
+----+--------+-----------+---------------+
| id | nombre | apellidos | rfc           |
+----+--------+-----------+---------------+
|  1 | juan   | perez     | PEXJ501110789 |
|  2 | ana    | montes    | MOXA870102520 |
+----+--------+-----------+---------------+
2 rows in set (0.0010 sec)
 MySQL  localhost:3306 ssl  tbd_e2  SQL > delete from cliente where id=1;
ERROR: 1451 (23000): Cannot delete or update a parent row: a foreign key constraint fails (`tbd_e2`.`factura`, CONSTRAINT `factura_ibfk_1` FOREIGN KEY (`idcliente`) REFERENCES `cliente` (`id`))
 MySQL  localhost:3306 ssl  tbd_e2  SQL > delete from factura
                                       -> where idcliente=1;
Query OK, 2 rows affected (0.0105 sec)
 MySQL  localhost:3306 ssl  tbd_e2  SQL > slect*from factura;
ERROR: 1064 (42000): You have an error in your SQL syntax; check the manual that corresponds to your MySQL server version for the right syntax to use near 'slect*from factura' at line 1
 MySQL  localhost:3306 ssl  tbd_e2  SQL > select*from factura;
+-------+-----------+
| folio | idcliente |
+-------+-----------+
|     3 |         2 |
|     4 |         2 |
|     6 |         2 |
+-------+-----------+
3 rows in set (0.0006 sec)
 MySQL  localhost:3306 ssl  tbd_e2  SQL > delete from cliente where id=1;
Query OK, 1 row affected (0.0111 sec)
 MySQL  localhost:3306 ssl  tbd_e2  SQL > select*from factura;
+-------+-----------+
| folio | idcliente |
+-------+-----------+
|     3 |         2 |
|     4 |         2 |
|     6 |         2 |
+-------+-----------+
3 rows in set (0.0010 sec)
 MySQL  localhost:3306 ssl  tbd_e2  SQL > delete from cliente where id=1;
Query OK, 0 rows affected (0.0009 sec)
 MySQL  localhost:3306 ssl  tbd_e2  SQL > show create factura;
ERROR: 1064 (42000): You have an error in your SQL syntax; check the manual that corresponds to your MySQL server version for the right syntax to use near 'factura' at line 1
 MySQL  localhost:3306 ssl  tbd_e2  SQL > show create table factura;
+---------+-------------------------------------------------------------------------------------------------------------------------------------------------------------------------------------------------------------------------------------------------------------------------------------------------------------------------------+
| Table   | Create Table                                                                                                                                                                                                                                                                                                                  |
+---------+-------------------------------------------------------------------------------------------------------------------------------------------------------------------------------------------------------------------------------------------------------------------------------------------------------------------------------+
| factura | CREATE TABLE `factura` (
  `folio` int NOT NULL AUTO_INCREMENT,
  `idcliente` int NOT NULL,
  PRIMARY KEY (`folio`),
  KEY `idcliente` (`idcliente`),
  CONSTRAINT `factura_ibfk_1` FOREIGN KEY (`idcliente`) REFERENCES `cliente` (`id`)
) ENGINE=InnoDB AUTO_INCREMENT=7 DEFAULT CHARSET=utf8mb4 COLLATE=utf8mb4_0900_ai_ci |
+---------+-------------------------------------------------------------------------------------------------------------------------------------------------------------------------------------------------------------------------------------------------------------------------------------------------------------------------------+
1 row in set (0.0011 sec)
 MySQL  localhost:3306 ssl  tbd_e2  SQL > alter table factura drop constraint factura_ibfk_1;
Query OK, 0 rows affected (0.0259 sec)

Records: 0  Duplicates: 0  Warnings: 0
 MySQL  localhost:3306 ssl  tbd_e2  SQL > show create table factura;
+---------+------------------------------------------------------------------------------------------------------------------------------------------------------------------------------------------------------------------------------------------+
| Table   | Create Table                                                                                                                                                                                                                             |
+---------+------------------------------------------------------------------------------------------------------------------------------------------------------------------------------------------------------------------------------------------+
| factura | CREATE TABLE `factura` (
  `folio` int NOT NULL AUTO_INCREMENT,
  `idcliente` int NOT NULL,
  PRIMARY KEY (`folio`),
  KEY `idcliente` (`idcliente`)
) ENGINE=InnoDB AUTO_INCREMENT=7 DEFAULT CHARSET=utf8mb4 COLLATE=utf8mb4_0900_ai_ci |
+---------+------------------------------------------------------------------------------------------------------------------------------------------------------------------------------------------------------------------------------------------+
1 row in set (0.0008 sec)
 MySQL  localhost:3306 ssl  tbd_e2  SQL > insert into factura(idcliente) value(5);
Query OK, 1 row affected (0.0103 sec)
 MySQL  localhost:3306 ssl  tbd_e2  SQL > select*from factura;
+-------+-----------+
| folio | idcliente |
+-------+-----------+
|     3 |         2 |
|     4 |         2 |
|     6 |         2 |
|     7 |         5 |
+-------+-----------+
4 rows in set (0.0007 sec)
 MySQL  localhost:3306 ssl  tbd_e2  SQL >


