EVA2_3_INTEGRIDAD_REFERENCIAL
MySQL Shell 8.0.38

Copyright (c) 2016, 2024, Oracle and/or its affiliates.
Oracle is a registered trademark of Oracle Corporation and/or its affiliates.
Other names may be trademarks of their respective owners.

Type '\help' or '\?' for help; '\quit' to exit.
 MySQL  JS > \sql
Switching to SQL mode... Commands end with ;
 MySQL  SQL > \connect --mc root@localhost
Creating a Classic session to 'root@localhost'
Fetching global names for auto-completion... Press ^C to stop.
Your MySQL connection id is 8
Server version: 8.0.39 MySQL Community Server - GPL
No default schema selected; type \use <schema> to set one.
 MySQL  localhost:3306 ssl  SQL > use tbd_e2
Default schema set to `tbd_e2`.
Fetching global names, object names from `tbd_e2` for auto-completion... Press ^C to stop.
 MySQL  localhost:3306 ssl  tbd_e2  SQL > create table factura_detalle(
                                       -> id int key auto_increment,
                                       -> idfactura int not null,
                                       -> idProducto int not null,
                                       -> cantidad int not null,
                                       -> constraint foreign key(idfactura)
                                       -> references factura(folio));
Query OK, 0 rows affected (0.1407 sec)
 MySQL  localhost:3306 ssl  tbd_e2  SQL > show create table factura_detalle;
+-----------------+-----------------------------------------------------------------------------------------------------------------------------------------------------------------------------------------------------------------------------------------------------------------------------------------------------------------------------------------------------------------------------------+
| Table           | Create Table                                                                                                                                                                                                                                                                                                                                                                      |
+-----------------+-----------------------------------------------------------------------------------------------------------------------------------------------------------------------------------------------------------------------------------------------------------------------------------------------------------------------------------------------------------------------------------+
| factura_detalle | CREATE TABLE `factura_detalle` (
  `id` int NOT NULL AUTO_INCREMENT,
  `idfactura` int NOT NULL,
  `idProducto` int NOT NULL,
  `cantidad` int NOT NULL,
  PRIMARY KEY (`id`),
  KEY `idfactura` (`idfactura`),
  CONSTRAINT `factura_detalle_ibfk_1` FOREIGN KEY (`idfactura`) REFERENCES `factura` (`folio`)
) ENGINE=InnoDB DEFAULT CHARSET=utf8mb4 COLLATE=utf8mb4_0900_ai_ci |
+-----------------+-----------------------------------------------------------------------------------------------------------------------------------------------------------------------------------------------------------------------------------------------------------------------------------------------------------------------------------------------------------------------------------+
1 row in set (0.0129 sec)
 MySQL  localhost:3306 ssl  tbd_e2  SQL > drop table factura_detalle;
Query OK, 0 rows affected (0.0347 sec)
 MySQL  localhost:3306 ssl  tbd_e2  SQL > create table factura_detalle( id int key auto_increment, idfactura int not null, idProducto int not null, cantidad int not null, constraint foreign key(idfactura) references factura(folio) on delete cascade on update cascade);
Query OK, 0 rows affected (0.0431 sec)
 MySQL  localhost:3306 ssl  tbd_e2  SQL > drop table factura_detalle;
Query OK, 0 rows affected (0.0259 sec)
 MySQL  localhost:3306 ssl  tbd_e2  SQL > create table factura_detalle( id int key auto_increment, idfactura int not null, idProducto int not null, cantidad int not null, constraint foreign key(idfactura) references factura(folio) on delete cascade on update cascade);
Query OK, 0 rows affected (0.0438 sec)
 MySQL  localhost:3306 ssl  tbd_e2  SQL > show create table factura_detalle;
+-----------------+-----------------------------------------------------------------------------------------------------------------------------------------------------------------------------------------------------------------------------------------------------------------------------------------------------------------------------------------------------------------------------------------------------------------------+
| Table           | Create Table                                                                                                                                                                                                                                                                                                                                                                                                          |
+-----------------+-----------------------------------------------------------------------------------------------------------------------------------------------------------------------------------------------------------------------------------------------------------------------------------------------------------------------------------------------------------------------------------------------------------------------+
| factura_detalle | CREATE TABLE `factura_detalle` (
  `id` int NOT NULL AUTO_INCREMENT,
  `idfactura` int NOT NULL,
  `idProducto` int NOT NULL,
  `cantidad` int NOT NULL,
  PRIMARY KEY (`id`),
  KEY `idfactura` (`idfactura`),
  CONSTRAINT `factura_detalle_ibfk_1` FOREIGN KEY (`idfactura`) REFERENCES `factura` (`folio`) ON DELETE CASCADE ON UPDATE CASCADE
) ENGINE=InnoDB DEFAULT CHARSET=utf8mb4 COLLATE=utf8mb4_0900_ai_ci |
+-----------------+-----------------------------------------------------------------------------------------------------------------------------------------------------------------------------------------------------------------------------------------------------------------------------------------------------------------------------------------------------------------------------------------------------------------------+
1 row in set (0.0020 sec)
 MySQL  localhost:3306 ssl  tbd_e2  SQL > desc factura_detalle;
+------------+------+------+-----+---------+----------------+
| Field      | Type | Null | Key | Default | Extra          |
+------------+------+------+-----+---------+----------------+
| id         | int  | NO   | PRI | NULL    | auto_increment |
| idfactura  | int  | NO   | MUL | NULL    |                |
| idProducto | int  | NO   |     | NULL    |                |
| cantidad   | int  | NO   |     | NULL    |                |
+------------+------+------+-----+---------+----------------+
4 rows in set (0.0142 sec)
 MySQL  localhost:3306 ssl  tbd_e2  SQL > insert into factura_detalle(idfactura,idproducto,cantidad)
                                       -> values(8,1,10),(8,2,5)(8,3,10);
ERROR: 1064 (42000): You have an error in your SQL syntax; check the manual that corresponds to your MySQL server version for the right syntax to use near '(8,3,10)' at line 2
 MySQL  localhost:3306 ssl  tbd_e2  SQL > insert into factura_detalle(idfactura,idproducto,cantidad) values(8,1,10),(8,2,5)(8,3,1);
ERROR: 1064 (42000): You have an error in your SQL syntax; check the manual that corresponds to your MySQL server version for the right syntax to use near '(8,3,1)' at line 1
 MySQL  localhost:3306 ssl  tbd_e2  SQL > select*from factura;
+-------+-----------+
| folio | idcliente |
+-------+-----------+
|     8 |         6 |
|     9 |         6 |
|    10 |         7 |
|    11 |         7 |
|    12 |         7 |
|    13 |         7 |
+-------+-----------+
6 rows in set (0.0136 sec)
 MySQL  localhost:3306 ssl  tbd_e2  SQL > insert into factura_detalle(idfactura,idproducto,cantidad) values(8,1,10),(8,2,5)(8,3,10);
ERROR: 1064 (42000): You have an error in your SQL syntax; check the manual that corresponds to your MySQL server version for the right syntax to use near '(8,3,10)' at line 1
 MySQL  localhost:3306 ssl  tbd_e2  SQL > insert into factura_detalle(idfactura,idProducto,cantidad) values(8,1,10),(8,2,5)(8,3,10);
ERROR: 1064 (42000): You have an error in your SQL syntax; check the manual that corresponds to your MySQL server version for the right syntax to use near '(8,3,10)' at line 1
 MySQL  localhost:3306 ssl  tbd_e2  SQL > insert into factura_detalle(idfactura,idProducto,cantidad) values(8,1,10),(8,2,5),(8,3,10);
Query OK, 3 rows affected (0.0212 sec)

Records: 3  Duplicates: 0  Warnings: 0
 MySQL  localhost:3306 ssl  tbd_e2  SQL > select * from factura_detalle;
+----+-----------+------------+----------+
| id | idfactura | idProducto | cantidad |
+----+-----------+------------+----------+
|  1 |         8 |          1 |       10 |
|  2 |         8 |          2 |        5 |
|  3 |         8 |          3 |       10 |
+----+-----------+------------+----------+
3 rows in set (0.0007 sec)
 MySQL  localhost:3306 ssl  tbd_e2  SQL > select  * from factura where folio=8;
+-------+-----------+
| folio | idcliente |
+-------+-----------+
|     8 |         6 |
+-------+-----------+
1 row in set (0.0010 sec)
 MySQL  localhost:3306 ssl  tbd_e2  SQL > select * from cliente where id=8;
Empty set (0.0143 sec)
 MySQL  localhost:3306 ssl  tbd_e2  SQL > select * from cliente where id=6;
+----+--------+-----------+----------+
| id | nombre | apellidos | rfc      |
+----+--------+-----------+----------+
|  6 | we     | rt        | qwertyui |
+----+--------+-----------+----------+
1 row in set (0.0008 sec)
 MySQL  localhost:3306 ssl  tbd_e2  SQL > update cliente
                                       -> set
                                       -> id=20
                                       -> where id=6;
Query OK, 1 row affected (0.0147 sec)

Rows matched: 1  Changed: 1  Warnings: 0
 MySQL  localhost:3306 ssl  tbd_e2  SQL > select*from factura;
+-------+-----------+
| folio | idcliente |
+-------+-----------+
|    10 |         7 |
|    11 |         7 |
|    12 |         7 |
|    13 |         7 |
|     8 |        20 |
|     9 |        20 |
+-------+-----------+
6 rows in set (0.0008 sec)
 MySQL  localhost:3306 ssl  tbd_e2  SQL > select * from factura_detalle;
+----+-----------+------------+----------+
| id | idfactura | idProducto | cantidad |
+----+-----------+------------+----------+
|  1 |         8 |          1 |       10 |
|  2 |         8 |          2 |        5 |
|  3 |         8 |          3 |       10 |
+----+-----------+------------+----------+
3 rows in set (0.0009 sec)
 MySQL  localhost:3306 ssl  tbd_e2  SQL > select * from factura where folio = 8;
+-------+-----------+
| folio | idcliente |
+-------+-----------+
|     8 |        20 |
+-------+-----------+
1 row in set (0.0009 sec)
 MySQL  localhost:3306 ssl  tbd_e2  SQL > select * from cliente where id=20;
+----+--------+-----------+----------+
| id | nombre | apellidos | rfc      |
+----+--------+-----------+----------+
| 20 | we     | rt        | qwertyui |
+----+--------+-----------+----------+
1 row in set (0.0008 sec)
 MySQL  localhost:3306 ssl  tbd_e2  SQL > delete from cliente where id=20;
Query OK, 1 row affected (0.0136 sec)
 MySQL  localhost:3306 ssl  tbd_e2  SQL > select * from factura_detalle;
Empty set (0.0007 sec)
 MySQL  localhost:3306 ssl  tbd_e2  SQL > select*from factura;
+-------+-----------+
| folio | idcliente |
+-------+-----------+
|    10 |         7 |
|    11 |         7 |
|    12 |         7 |
|    13 |         7 |
+-------+-----------+
4 rows in set (0.0008 sec)
 MySQL  localhost:3306 ssl  tbd_e2  SQL > create table produto(
                                       -> id int key auto_increment,
                                       -> nombre varchar(50) not null,
                                       -> precio decimal(10,2) not null);
Query OK, 0 rows affected (0.0455 sec)
 MySQL  localhost:3306 ssl  tbd_e2  SQL > insert into producto(nombre, precio)
                                       -> values("Elote",20),("Nachos",50),("iPhone",25);
ERROR: 1146 (42S02): Table 'tbd_e2.producto' doesn't exist
 MySQL  localhost:3306 ssl  tbd_e2  SQL > insert into produto(nombre, precio) values("Elote",20),("Nachos",50),("iPhone",25);
Query OK, 3 rows affected (0.0120 sec)

Records: 3  Duplicates: 0  Warnings: 0
 MySQL  localhost:3306 ssl  tbd_e2  SQL > select * from produto;
+----+--------+--------+
| id | nombre | precio |
+----+--------+--------+
|  1 | Elote  |  20.00 |
|  2 | Nachos |  50.00 |
|  3 | iPhone |  25.00 |
+----+--------+--------+
3 rows in set (0.0009 sec)
 MySQL  localhost:3306 ssl  tbd_e2  SQL > desc factura_detall;
ERROR: 1146 (42S02): Table 'tbd_e2.factura_detall' doesn't exist
 MySQL  localhost:3306 ssl  tbd_e2  SQL > desc factura_detalle;
+------------+------+------+-----+---------+----------------+
| Field      | Type | Null | Key | Default | Extra          |
+------------+------+------+-----+---------+----------------+
| id         | int  | NO   | PRI | NULL    | auto_increment |
| idfactura  | int  | NO   | MUL | NULL    |                |
| idProducto | int  | NO   |     | NULL    |                |
| cantidad   | int  | NO   |     | NULL    |                |
+------------+------+------+-----+---------+----------------+
4 rows in set (0.0023 sec)
 MySQL  localhost:3306 ssl  tbd_e2  SQL > alter table factura_detalle
                                       -> add constraint foreign key(idProducto)
                                       -> references producto(id) on delete cascade on update cascade;
ERROR: 1824 (HY000): Failed to open the referenced table 'producto'
 MySQL  localhost:3306 ssl  tbd_e2  SQL > alter table factura_detalle add constraint foreign key(idProducto) references produto(id) on delete cascade on update cascade;
Query OK, 0 rows affected (0.0918 sec)

Records: 0  Duplicates: 0  Warnings: 0
 MySQL  localhost:3306 ssl  tbd_e2  SQL > select * from produto;
+----+--------+--------+
| id | nombre | precio |
+----+--------+--------+
|  1 | Elote  |  20.00 |
|  2 | Nachos |  50.00 |
|  3 | iPhone |  25.00 |
+----+--------+--------+
3 rows in set (0.0018 sec)
 MySQL  localhost:3306 ssl  tbd_e2  SQL > insert into factura_detalle(idefactura,idProducto,cantidad)
                                       -> values(10,1,50),(10,2,25),(10,3,100);
ERROR: 1054 (42S22): Unknown column 'idefactura' in 'field list'
 MySQL  localhost:3306 ssl  tbd_e2  SQL > insert into factura_detalle(idfactura,idProducto,cantidad) values(10,1,50),(10,2,25),(10,3,100);
Query OK, 3 rows affected (0.0107 sec)

Records: 3  Duplicates: 0  Warnings: 0
 MySQL  localhost:3306 ssl  tbd_e2  SQL > select * from factura_detalle;
+----+-----------+------------+----------+
| id | idfactura | idProducto | cantidad |
+----+-----------+------------+----------+
|  4 |        10 |          1 |       50 |
|  5 |        10 |          2 |       25 |
|  6 |        10 |          3 |      100 |
+----+-----------+------------+----------+
3 rows in set (0.0009 sec)
 MySQL  localhost:3306 ssl  tbd_e2  SQL > insert into factura_detalle(idefactura,idProducto,cantidad) values(10,100,50);
ERROR: 1054 (42S22): Unknown column 'idefactura' in 'field list'
 MySQL  localhost:3306 ssl  tbd_e2  SQL > insert into factura_detalle(idfactura,idProducto,cantidad) values(10,100,50);
ERROR: 1452 (23000): Cannot add or update a child row: a foreign key constraint fails (`tbd_e2`.`factura_detalle`, CONSTRAINT `factura_detalle_ibfk_2` FOREIGN KEY (`idProducto`) REFERENCES `produto` (`id`) ON DELETE CASCADE ON UPDATE CASCADE)
 MySQL  localhost:3306 ssl  tbd_e2  SQL > delete from producto
                                       -> where id=3;
ERROR: 1146 (42S02): Table 'tbd_e2.producto' doesn't exist
 MySQL  localhost:3306 ssl  tbd_e2  SQL > delete from produto where id=3;
Query OK, 1 row affected (0.0110 sec)
 MySQL  localhost:3306 ssl  tbd_e2  SQL > select * from factura_detalle;
+----+-----------+------------+----------+
| id | idfactura | idProducto | cantidad |
+----+-----------+------------+----------+
|  4 |        10 |          1 |       50 |
|  5 |        10 |          2 |       25 |
+----+-----------+------------+----------+
2 rows in set (0.0010 sec)
 MySQL  localhost:3306 ssl  tbd_e2  SQL >